<html><head>
<title>Menu for /~pro_jet/image07.map</title>
</head><body>
<h1>Menu for /~pro_jet/image07.map</h1>
<hr>

<pre>(Default) <a href="http://www-stud.enst.fr/~pro_jet/procki.html">http://www-stud.enst.fr/~pro_jet/procki.html</a></pre>

<pre>          <a href="http://www-stud.enst.fr/~pro_jet/team/kruta.html">http://www-stud.enst.fr/~pro_jet/team/kruta.html</a></pre>
<pre>          <a href="http://www-stud.enst.fr/~pro_jet/team/rocoplan.html">http://www-stud.enst.fr/~pro_jet/team/rocoplan.html</a></pre>
<pre>          <a href="http://www-stud.enst.fr/~pro_jet/team/havet.html">http://www-stud.enst.fr/~pro_jet/team/havet.html</a></pre>
<pre>          <a href="http://www-stud.enst.fr/~pro_jet/team/havet.html">http://www-stud.enst.fr/~pro_jet/team/havet.html</a></pre>
<pre>          <a href="http://www-stud.enst.fr/~pro_jet/team/bodin.html">http://www-stud.enst.fr/~pro_jet/team/bodin.html</a></pre>
<pre>          <a href="http://www-stud.enst.fr/~pro_jet/team/perrin.html">http://www-stud.enst.fr/~pro_jet/team/perrin.html</a></pre>
<pre>          <a href="http://www-stud.enst.fr/~pro_jet/team/depoys.html">http://www-stud.enst.fr/~pro_jet/team/depoys.html</a></pre>
<pre>          <a href="http://www-stud.enst.fr/~pro_jet/team/depoys.html">http://www-stud.enst.fr/~pro_jet/team/depoys.html</a></pre>
<pre>          <a href="http://www-stud.enst.fr/~pro_jet/team/couriol.html">http://www-stud.enst.fr/~pro_jet/team/couriol.html</a></pre>
<pre>          <a href="http://www-stud.enst.fr/~pro_jet/team/couriol.html">http://www-stud.enst.fr/~pro_jet/team/couriol.html</a></pre>
<pre>          <a href="http://www-stud.enst.fr/~pro_jet/team/duclaux.html">http://www-stud.enst.fr/~pro_jet/team/duclaux.html</a></pre>
<pre>          <a href="http://www-stud.enst.fr/~pro_jet/team/duclaux.html">http://www-stud.enst.fr/~pro_jet/team/duclaux.html</a></pre>
<pre>          <a href="http://www-stud.enst.fr/~pro_jet/team/gautier.html">http://www-stud.enst.fr/~pro_jet/team/gautier.html</a></pre>
<pre>          <a href="http://www-stud.enst.fr/~pro_jet/team/gautier.html">http://www-stud.enst.fr/~pro_jet/team/gautier.html</a></pre>
<pre>          <a href="http://www-stud.enst.fr/~pro_jet/team/anes.html">http://www-stud.enst.fr/~pro_jet/team/anes.html</a></pre>
<pre>          <a href="http://www-stud.enst.fr/~pro_jet/team/vaque.html">http://www-stud.enst.fr/~pro_jet/team/vaque.html</a></pre>
<pre>          <a href="http://www-stud.enst.fr/~pro_jet/team/vaque.html">http://www-stud.enst.fr/~pro_jet/team/vaque.html</a></pre>
<pre>          <a href="http://www-stud.enst.fr/~pro_jet/team/chedlivili.html">http://www-stud.enst.fr/~pro_jet/team/chedlivili.html</a></pre>
<pre>          <a href="http://www-stud.enst.fr/~pro_jet/team/lanne.html">http://www-stud.enst.fr/~pro_jet/team/lanne.html</a></pre>
<pre>          <a href="http://www-stud.enst.fr/~pro_jet/team/algayon.html">http://www-stud.enst.fr/~pro_jet/team/algayon.html</a></pre>


</body>
</html>
